../Core/Inc/locomotion.h:29:13:I2C_Recover	1
../Core/Inc/locomotion.h:51:13:PCA9685_Write	2
../Core/Inc/locomotion.h:57:13:PCA9685_SetCh	2
../Core/Inc/locomotion.h:64:13:Servo	1
../Core/Inc/locomotion.h:71:13:LegLift	1
../Core/Inc/locomotion.h:72:13:LegDown	1
../Core/Inc/locomotion.h:74:13:LegFwd	2
../Core/Inc/locomotion.h:80:13:LegBack	2
../Core/Inc/locomotion.h:85:13:LegNeutral	1
../Core/Inc/locomotion.h:87:6:PCA9685_Init	1
../Core/Inc/locomotion.h:99:6:Hexapod_StandUp	2
../Core/Inc/locomotion.h:106:6:Hexapod_StepForward	10
../Core/Inc/locomotion.h:131:6:Hexapod_StepBackward	10
../Core/Inc/locomotion.h:157:6:Hexapod_TurnLeft	14
../Core/Inc/locomotion.h:194:6:Hexapod_TurnRight	14
../Core/Inc/locomotion.h:231:6:Hexapod_Stop	1
../Core/Inc/locomotion.h:232:6:Hexapod_WalkNSteps	2
../Core/Src/main.c:31:13:CmdQueue_Push	2
../Core/Src/main.c:38:16:CmdQueue_Pop	2
../Core/Src/main.c:81:5:main	25
../Core/Src/main.c:149:6:HAL_UART_RxCpltCallback	13
../Core/Src/main.c:173:6:HAL_UART_ErrorCallback	4
../Core/Src/main.c:181:6:BNO055_Init	1
../Core/Src/main.c:185:6:BNO055_Read	8
../Core/Src/main.c:202:6:RelayToGS	1
../Core/Src/main.c:208:6:SendTelemetry	2
../Core/Src/main.c:216:6:GPS_ParseNMEA	10
../Core/Src/main.c:227:6:ProcessLoraPacket	3
../Core/Src/main.c:235:8:Haversine	1
../Core/Src/main.c:241:8:Bearing	1
../Core/Src/main.c:248:6:SystemClock_Config	1
../Core/Src/main.c:257:6:MX_I2C1_Init	1
../Core/Src/main.c:258:6:MX_USART2_UART_Init	1
../Core/Src/main.c:259:6:MX_USART6_UART_Init	1
../Core/Src/main.c:260:6:MX_GPIO_Init	1
../Core/Src/main.c:261:6:Error_Handler	1
