../Core/Inc/locomotion.h:29:13:I2C_Recover	24	static
../Core/Inc/locomotion.h:51:13:PCA9685_Write	32	static
../Core/Inc/locomotion.h:57:13:PCA9685_SetCh	32	static
../Core/Inc/locomotion.h:64:13:Servo	16	static
../Core/Inc/locomotion.h:67:13:LegLift	16	static
../Core/Inc/locomotion.h:68:13:LegDown	16	static
../Core/Inc/locomotion.h:70:13:LegFwd	16	static
../Core/Inc/locomotion.h:75:13:LegBack	16	static
../Core/Inc/locomotion.h:80:13:LegNeutral	16	static
../Core/Inc/locomotion.h:82:6:PCA9685_Init	24	static
../Core/Inc/locomotion.h:94:6:Hexapod_StandUp	16	static
../Core/Inc/locomotion.h:101:6:Hexapod_StepForward	48	static
../Core/Inc/locomotion.h:127:6:Hexapod_StepBackward	48	static
../Core/Inc/locomotion.h:152:6:Hexapod_TurnLeft	48	static
../Core/Inc/locomotion.h:189:6:Hexapod_TurnRight	48	static
../Core/Inc/locomotion.h:226:6:Hexapod_Stop	8	static
../Core/Inc/locomotion.h:227:6:Hexapod_WalkNSteps	24	static
../Core/Src/main.c:66:5:main	176	static
../Core/Src/main.c:164:6:HAL_UART_RxCpltCallback	24	static
../Core/Src/main.c:185:6:HAL_UART_ErrorCallback	24	static
../Core/Src/main.c:193:6:BNO055_Init	32	static
../Core/Src/main.c:197:6:BNO055_Read	40	static
../Core/Src/main.c:214:6:RelayToGS	16	static
../Core/Src/main.c:220:6:SendToSlave	16	static
../Core/Src/main.c:226:6:SendTelemetry	88	static
../Core/Src/main.c:239:6:SystemClock_Config	88	static
../Core/Src/main.c:248:6:MX_I2C1_Init	8	static
../Core/Src/main.c:249:6:MX_USART1_UART_Init	8	static
../Core/Src/main.c:250:6:MX_USART2_UART_Init	8	static
../Core/Src/main.c:251:6:MX_USART6_UART_Init	8	static
../Core/Src/main.c:252:6:MX_GPIO_Init	40	static
../Core/Src/main.c:253:6:Error_Handler	4	static,ignoring_inline_asm
