../Core/Inc/locomotion.h:29:13:I2C_Recover	1
../Core/Inc/locomotion.h:51:13:PCA9685_Write	2
../Core/Inc/locomotion.h:57:13:PCA9685_SetCh	2
../Core/Inc/locomotion.h:64:13:Servo	1
../Core/Inc/locomotion.h:67:13:LegLift	1
../Core/Inc/locomotion.h:68:13:LegDown	1
../Core/Inc/locomotion.h:70:13:LegFwd	2
../Core/Inc/locomotion.h:75:13:LegBack	2
../Core/Inc/locomotion.h:80:13:LegNeutral	1
../Core/Inc/locomotion.h:82:6:PCA9685_Init	1
../Core/Inc/locomotion.h:94:6:Hexapod_StandUp	2
../Core/Inc/locomotion.h:101:6:Hexapod_StepForward	10
../Core/Inc/locomotion.h:127:6:Hexapod_StepBackward	10
../Core/Inc/locomotion.h:152:6:Hexapod_TurnLeft	14
../Core/Inc/locomotion.h:189:6:Hexapod_TurnRight	14
../Core/Inc/locomotion.h:226:6:Hexapod_Stop	1
../Core/Inc/locomotion.h:227:6:Hexapod_WalkNSteps	2
../Core/Src/main.c:66:5:main	18
../Core/Src/main.c:164:6:HAL_UART_RxCpltCallback	17
../Core/Src/main.c:185:6:HAL_UART_ErrorCallback	4
../Core/Src/main.c:193:6:BNO055_Init	1
../Core/Src/main.c:197:6:BNO055_Read	8
../Core/Src/main.c:214:6:RelayToGS	1
../Core/Src/main.c:220:6:SendToSlave	1
../Core/Src/main.c:226:6:SendTelemetry	2
../Core/Src/main.c:239:6:SystemClock_Config	1
../Core/Src/main.c:248:6:MX_I2C1_Init	1
../Core/Src/main.c:249:6:MX_USART1_UART_Init	1
../Core/Src/main.c:250:6:MX_USART2_UART_Init	1
../Core/Src/main.c:251:6:MX_USART6_UART_Init	1
../Core/Src/main.c:252:6:MX_GPIO_Init	1
../Core/Src/main.c:253:6:Error_Handler	1
